// Jest Snapshot v1, https://goo.gl/fbAQLP

exports[`RepositoryOverview should render successfully 1`] = `
<div>
  <div>
    <h1>
      Repositories of 
    </h1>
    <label>
      Filter
      <input
        type="text"
        value=""
      />
    </label>
    <table>
      <thead>
        <tr>
          <th>
            Name
          </th>
          <th>
            Default Branch
          </th>
          <th>
            Open PRs
          </th>
          <th>
            ✓
          </th>
          <th>
            ✗
          </th>
          <th>
            other
          </th>
        </tr>
      </thead>
      <tbody>
        <tr>
          <td>
            <a>
              repo 1
            </a>
          </td>
          <td>
            main
          </td>
          <td>
            <a
              href="undefined/pulls"
            >
              (
              1
               PRs)
            </a>
          </td>
          <td>
            1
          </td>
          <td />
          <td />
        </tr>
        <tr>
          <td>
            <a>
              repo 2
            </a>
          </td>
          <td>
            develop
          </td>
          <td />
          <td />
          <td />
          <td />
        </tr>
      </tbody>
    </table>
    <h4>
      Page 
      1
       of 
      1
       (
      2
       entries)
    </h4>
    <button
      disabled=""
    >
      Prev
    </button>
    <button
      disabled=""
    >
      Next
    </button>
  </div>
</div>
`;
